
Discarded input sections

 .group         0x0000000000000000        0xc build/libs/gpio.o
 .group         0x0000000000000000        0xc build/libs/gpio.o
 .group         0x0000000000000000        0xc build/libs/gpio.o
 .group         0x0000000000000000        0xc build/libs/gpio.o
 .group         0x0000000000000000        0xc build/libs/gpio.o
 .group         0x0000000000000000        0xc build/libs/gpio.o
 .group         0x0000000000000000        0xc build/libs/gpio.o
 .group         0x0000000000000000        0xc build/libs/gpio.o
 .group         0x0000000000000000        0xc build/libs/gpio.o
 .group         0x0000000000000000        0xc build/libs/gpio.o
 .group         0x0000000000000000        0xc build/src/main.o
 .group         0x0000000000000000        0xc build/src/main.o
 .group         0x0000000000000000        0xc build/src/main.o
 .group         0x0000000000000000        0xc build/src/main.o
 .group         0x0000000000000000        0xc build/src/main.o
 .group         0x0000000000000000        0xc build/src/main.o
 .group         0x0000000000000000        0xc build/src/main.o
 .group         0x0000000000000000        0xc build/src/main.o
 .group         0x0000000000000000        0xc build/src/main.o
 .group         0x0000000000000000        0xc build/src/main.o
 .debug_macro   0x0000000000000000      0x736 build/src/main.o
 .debug_macro   0x0000000000000000       0x22 build/src/main.o
 .debug_macro   0x0000000000000000       0x8e build/src/main.o
 .debug_macro   0x0000000000000000       0x51 build/src/main.o
 .debug_macro   0x0000000000000000      0x103 build/src/main.o
 .debug_macro   0x0000000000000000       0x6a build/src/main.o
 .debug_macro   0x0000000000000000      0x1df build/src/main.o
 .debug_macro   0x0000000000000000      0x13b build/src/main.o
 .debug_macro   0x0000000000000000       0x10 build/src/main.o
 .debug_macro   0x0000000000000000       0x5e build/src/main.o

Memory Configuration

Name             Origin             Length             Attributes
onChipRam        0x0000000080000000 0x0000000000002000
*default*        0x0000000000000000 0xffffffffffffffff

Linker script and memory map

LOAD build/libs/gpio.o
LOAD build/libs/init.o
LOAD build/src/main.o
LOAD /opt/riscv/bin/../lib/gcc/riscv64-unknown-elf/8.3.0/rv32i/ilp32/libgcc.a
                0x0000000000000200                _stack_size = DEFINED (_stack_size)?_stack_size:0x200
                0x0000000000000000                _heap_size = DEFINED (_heap_size)?_heap_size:0x0

.vector         0x0000000080000000      0x130
 *init.o(.text)
 .text          0x0000000080000000      0x130 build/libs/init.o
                0x0000000080000000                crtStart
                0x0000000080000020                trap_entry

.memory         0x0000000080000130      0x884
 *(.text)
 .text          0x0000000080000130      0x6a0 build/libs/gpio.o
                0x00000000800002c4                GPIO_DeInit
                0x00000000800002e4                GPIO_AFIODeInit
                0x0000000080000300                GPIO_Init
                0x0000000080000598                GPIO_StructInit
                0x00000000800005dc                GPIO_ReadInputDataBit
                0x0000000080000630                GPIO_ReadInputData
                0x0000000080000660                GPIO_ReadOutputDataBit
                0x00000000800006b4                GPIO_ReadOutputData
                0x00000000800006e4                GPIO_SetBits
                0x0000000080000718                GPIO_ResetBits
                0x000000008000074c                GPIO_WriteBit
                0x000000008000079c                GPIO_Write
 .text          0x00000000800007d0      0x1e4 build/src/main.o
                0x0000000080000964                main
                0x0000000080000998                irqCallback
                0x00000000800009b4                end = .

.rela.dyn       0x00000000800009b4        0x0
 .rela.text     0x00000000800009b4        0x0 build/libs/gpio.o

.rodata
 *(.rdata)
 *(.rodata .rodata.*)
 *(.gnu.linkonce.r.*)

.ctors          0x00000000800009b4        0x0
                0x00000000800009b4                . = ALIGN (0x4)
                0x00000000800009b4                _ctors_start = .
 *(.init_array*)
 *(SORT_BY_NAME(.ctors.*))
 *(.ctors)
                0x00000000800009b4                . = ALIGN (0x4)
                0x00000000800009b4                _ctors_end = .

.data           0x00000000800009b4        0x4
 *(.rdata)
 *(.rodata .rodata.*)
 *(.gnu.linkonce.r.*)
 *(.data .data.*)
 .data          0x00000000800009b4        0x0 build/libs/gpio.o
 .data          0x00000000800009b4        0x0 build/libs/init.o
 .data          0x00000000800009b4        0x0 build/src/main.o
 *(.gnu.linkonce.d.*)
                0x00000000800009b8                . = ALIGN (0x8)
 *fill*         0x00000000800009b4        0x4 
                0x00000000800011b8                PROVIDE (__global_pointer$ = (. + 0x800))
 *(.sdata .sdata.*)
 *(.gnu.linkonce.s.*)
                0x00000000800009b8                . = ALIGN (0x8)
 *(.srodata.cst16)
 *(.srodata.cst8)
 *(.srodata.cst4)
 *(.srodata.cst2)
 *(.srodata .srodata.*)

.bss            0x00000000800009b8        0x0
                0x00000000800009b8                . = ALIGN (0x4)
                0x00000000800009b8                _bss_start = .
 *(.sbss*)
 *(.gnu.linkonce.sb.*)
 *(.bss .bss.*)
 .bss           0x00000000800009b8        0x0 build/libs/gpio.o
 .bss           0x00000000800009b8        0x0 build/libs/init.o
 .bss           0x00000000800009b8        0x0 build/src/main.o
 *(.gnu.linkonce.b.*)
 *(COMMON)
                0x00000000800009b8                . = ALIGN (0x4)
                0x00000000800009b8                _bss_end = .

.noinit         0x00000000800009b8        0x0
                0x00000000800009b8                . = ALIGN (0x4)
 *(.noinit .noinit.*)
                0x00000000800009b8                . = ALIGN (0x4)

._user_heap     0x00000000800009b8        0x0
                0x00000000800009b8                . = ALIGN (0x8)
                [!provide]                        PROVIDE (end = .)
                [!provide]                        PROVIDE (_end = .)
                [!provide]                        PROVIDE (_heap_start = .)
                0x00000000800009b8                . = (. + _heap_size)
                0x00000000800009b8                . = ALIGN (0x8)
                [!provide]                        PROVIDE (_heap_end = .)

._stack         0x00000000800009b8      0x208
                0x00000000800009c0                . = ALIGN (0x10)
 *fill*         0x00000000800009b8        0x8 
                [!provide]                        PROVIDE (_stack_end = .)
                0x0000000080000bc0                . = (. + _stack_size)
 *fill*         0x00000000800009c0      0x200 
                0x0000000080000bc0                . = ALIGN (0x10)
                0x0000000080000bc0                PROVIDE (_stack_start = .)
OUTPUT(build/test.elf elf32-littleriscv)

.debug_info     0x0000000000000000      0xb59
 .debug_info    0x0000000000000000      0x78f build/libs/gpio.o
 .debug_info    0x000000000000078f       0x26 build/libs/init.o
 .debug_info    0x00000000000007b5      0x3a4 build/src/main.o

.debug_abbrev   0x0000000000000000      0x31b
 .debug_abbrev  0x0000000000000000      0x1ea build/libs/gpio.o
 .debug_abbrev  0x00000000000001ea       0x14 build/libs/init.o
 .debug_abbrev  0x00000000000001fe      0x11d build/src/main.o

.debug_aranges  0x0000000000000000       0x60
 .debug_aranges
                0x0000000000000000       0x20 build/libs/gpio.o
 .debug_aranges
                0x0000000000000020       0x20 build/libs/init.o
 .debug_aranges
                0x0000000000000040       0x20 build/src/main.o

.debug_macro    0x0000000000000000      0xee6
 .debug_macro   0x0000000000000000      0x104 build/libs/gpio.o
 .debug_macro   0x0000000000000104      0x736 build/libs/gpio.o
 .debug_macro   0x000000000000083a       0x22 build/libs/gpio.o
 .debug_macro   0x000000000000085c       0x8e build/libs/gpio.o
 .debug_macro   0x00000000000008ea       0x51 build/libs/gpio.o
 .debug_macro   0x000000000000093b      0x103 build/libs/gpio.o
 .debug_macro   0x0000000000000a3e       0x6a build/libs/gpio.o
 .debug_macro   0x0000000000000aa8      0x1df build/libs/gpio.o
 .debug_macro   0x0000000000000c87       0x10 build/libs/gpio.o
 .debug_macro   0x0000000000000c97       0x5e build/libs/gpio.o
 .debug_macro   0x0000000000000cf5      0x13b build/libs/gpio.o
 .debug_macro   0x0000000000000e30       0xb6 build/src/main.o

.debug_line     0x0000000000000000      0xb96
 .debug_line    0x0000000000000000      0x69f build/libs/gpio.o
 .debug_line    0x000000000000069f      0x1d2 build/libs/init.o
 .debug_line    0x0000000000000871      0x325 build/src/main.o

.debug_str      0x0000000000000000     0x4779
 .debug_str     0x0000000000000000     0x4721 build/libs/gpio.o
                                       0x4896 (size before relaxing)
 .debug_str     0x0000000000004721       0x18 build/libs/init.o
                                         0x44 (size before relaxing)
 .debug_str     0x0000000000004739       0x40 build/src/main.o
                                       0x440f (size before relaxing)

.comment        0x0000000000000000       0x28
 .comment       0x0000000000000000       0x28 build/libs/gpio.o
                                         0x29 (size before relaxing)
 .comment       0x0000000000000028       0x29 build/src/main.o

.riscv.attributes
                0x0000000000000000       0x1c
 .riscv.attributes
                0x0000000000000000       0x1c build/libs/gpio.o
 .riscv.attributes
                0x000000000000001c       0x1a build/libs/init.o
 .riscv.attributes
                0x0000000000000036       0x1c build/src/main.o

.debug_frame    0x0000000000000000      0x418
 .debug_frame   0x0000000000000000      0x2c0 build/libs/gpio.o
 .debug_frame   0x00000000000002c0      0x158 build/src/main.o
