
Memory Configuration

Name             Origin             Length             Attributes
onChipRam        0x0000000080000000 0x0000000000002000
*default*        0x0000000000000000 0xffffffffffffffff

Linker script and memory map

LOAD build/libs/gpio.o
LOAD build/libs/int.o
LOAD build/src/main.o
LOAD /opt/riscv/bin/../lib/gcc/riscv64-unknown-elf/8.3.0/rv32i/ilp32/libgcc.a
                0x0000000000000200                _stack_size = DEFINED (_stack_size)?_stack_size:0x200
                0x0000000000000000                _heap_size = DEFINED (_heap_size)?_heap_size:0x0

.vector
 *crt.o(.text)

.memory         0x0000000080000000      0x9d8
 *(.text)
 .text          0x0000000080000000      0x6a0 build/libs/gpio.o
                0x0000000080000194                GPIO_DeInit
                0x00000000800001b4                GPIO_AFIODeInit
                0x00000000800001d0                GPIO_Init
                0x0000000080000468                GPIO_StructInit
                0x00000000800004ac                GPIO_ReadInputDataBit
                0x0000000080000500                GPIO_ReadInputData
                0x0000000080000530                GPIO_ReadOutputDataBit
                0x0000000080000584                GPIO_ReadOutputData
                0x00000000800005b4                GPIO_SetBits
                0x00000000800005e8                GPIO_ResetBits
                0x000000008000061c                GPIO_WriteBit
                0x000000008000066c                GPIO_Write
 .text          0x00000000800006a0      0x130 build/libs/int.o
                0x00000000800006a0                crtStart
                0x00000000800006c0                trap_entry
 .text          0x00000000800007d0      0x208 build/src/main.o
                0x0000000080000964                main
                0x00000000800009bc                irqCallback
                0x00000000800009d8                end = .

.rela.dyn       0x00000000800009d8        0x0
 .rela.text     0x00000000800009d8        0x0 build/libs/gpio.o

.rodata
 *(.rdata)
 *(.rodata .rodata.*)
 *(.gnu.linkonce.r.*)

.ctors          0x00000000800009d8        0x0
                0x00000000800009d8                . = ALIGN (0x4)
                0x00000000800009d8                _ctors_start = .
 *(.init_array*)
 *(SORT_BY_NAME(.ctors.*))
 *(.ctors)
                0x00000000800009d8                . = ALIGN (0x4)
                0x00000000800009d8                _ctors_end = .

.data           0x00000000800009d8        0x0
 *(.rdata)
 *(.rodata .rodata.*)
 *(.gnu.linkonce.r.*)
 *(.data .data.*)
 .data          0x00000000800009d8        0x0 build/libs/gpio.o
 .data          0x00000000800009d8        0x0 build/libs/int.o
 .data          0x00000000800009d8        0x0 build/src/main.o
 *(.gnu.linkonce.d.*)
                0x00000000800009d8                . = ALIGN (0x8)
 *fill*         0x00000000800009d8        0x0 
                0x00000000800011d8                PROVIDE (__global_pointer$ = (. + 0x800))
 *(.sdata .sdata.*)
 *(.gnu.linkonce.s.*)
                0x00000000800009d8                . = ALIGN (0x8)
 *(.srodata.cst16)
 *(.srodata.cst8)
 *(.srodata.cst4)
 *(.srodata.cst2)
 *(.srodata .srodata.*)

.bss            0x00000000800009d8        0x0
                0x00000000800009d8                . = ALIGN (0x4)
                0x00000000800009d8                _bss_start = .
 *(.sbss*)
 *(.gnu.linkonce.sb.*)
 *(.bss .bss.*)
 .bss           0x00000000800009d8        0x0 build/libs/gpio.o
 .bss           0x00000000800009d8        0x0 build/libs/int.o
 .bss           0x00000000800009d8        0x0 build/src/main.o
 *(.gnu.linkonce.b.*)
 *(COMMON)
                0x00000000800009d8                . = ALIGN (0x4)
                0x00000000800009d8                _bss_end = .

.noinit         0x00000000800009d8        0x0
                0x00000000800009d8                . = ALIGN (0x4)
 *(.noinit .noinit.*)
                0x00000000800009d8                . = ALIGN (0x4)

._user_heap     0x00000000800009d8        0x0
                0x00000000800009d8                . = ALIGN (0x8)
                [!provide]                        PROVIDE (end = .)
                [!provide]                        PROVIDE (_end = .)
                [!provide]                        PROVIDE (_heap_start = .)
                0x00000000800009d8                . = (. + _heap_size)
                0x00000000800009d8                . = ALIGN (0x8)
                [!provide]                        PROVIDE (_heap_end = .)

._stack         0x00000000800009d8      0x208
                0x00000000800009e0                . = ALIGN (0x10)
 *fill*         0x00000000800009d8        0x8 
                [!provide]                        PROVIDE (_stack_end = .)
                0x0000000080000be0                . = (. + _stack_size)
 *fill*         0x00000000800009e0      0x200 
                0x0000000080000be0                . = ALIGN (0x10)
                0x0000000080000be0                PROVIDE (_stack_start = .)
OUTPUT(build/test.elf elf32-littleriscv)

.comment        0x0000000000000000       0x28
 .comment       0x0000000000000000       0x28 build/libs/gpio.o
                                         0x29 (size before relaxing)
 .comment       0x0000000000000028       0x29 build/src/main.o

.riscv.attributes
                0x0000000000000000       0x1c
 .riscv.attributes
                0x0000000000000000       0x1c build/libs/gpio.o
 .riscv.attributes
                0x000000000000001c       0x1a build/libs/int.o
 .riscv.attributes
                0x0000000000000036       0x1c build/src/main.o
