
Discarded input sections

 .group         0x0000000000000000        0xc build/src/main.o
 .group         0x0000000000000000        0xc build/src/main.o
 .group         0x0000000000000000        0xc build/src/main.o
 .group         0x0000000000000000        0xc build/src/main.o
 .group         0x0000000000000000        0xc build/src/main.o
 .group         0x0000000000000000        0xc build/src/main.o
 .group         0x0000000000000000        0xc build/src/main.o
 .group         0x0000000000000000        0xc build/src/main.o

Memory Configuration

Name             Origin             Length             Attributes
onChipRam        0x0000000080000000 0x0000000000002000
*default*        0x0000000000000000 0xffffffffffffffff

Linker script and memory map

LOAD build/src/main.o
LOAD build/src/crt.o
LOAD /opt/riscv/bin/../lib/gcc/riscv64-unknown-elf/8.3.0/rv32i/ilp32/libgcc.a
                0x0000000000000200                _stack_size = DEFINED (_stack_size)?_stack_size:0x200
                0x0000000000000000                _heap_size = DEFINED (_heap_size)?_heap_size:0x0

.vector         0x0000000080000000      0x130
 *crt.o(.text)
 .text          0x0000000080000000      0x130 build/src/crt.o
                0x0000000080000000                crtStart
                0x0000000080000020                trap_entry

.memory         0x0000000080000130      0x1e0
 *(.text)
 .text          0x0000000080000130      0x1e0 build/src/main.o
                0x00000000800002c4                main
                0x00000000800002f4                irqCallback
                0x0000000080000310                end = .

.rela.dyn       0x0000000080000310        0x0
 .rela.text     0x0000000080000310        0x0 build/src/main.o

.rodata
 *(.rdata)
 *(.rodata .rodata.*)
 *(.gnu.linkonce.r.*)

.ctors          0x0000000080000310        0x0
                0x0000000080000310                . = ALIGN (0x4)
                0x0000000080000310                _ctors_start = .
 *(.init_array*)
 *(SORT_BY_NAME(.ctors.*))
 *(.ctors)
                0x0000000080000310                . = ALIGN (0x4)
                0x0000000080000310                _ctors_end = .

.data           0x0000000080000310        0x0
 *(.rdata)
 *(.rodata .rodata.*)
 *(.gnu.linkonce.r.*)
 *(.data .data.*)
 .data          0x0000000080000310        0x0 build/src/main.o
 .data          0x0000000080000310        0x0 build/src/crt.o
 *(.gnu.linkonce.d.*)
                0x0000000080000310                . = ALIGN (0x8)
 *fill*         0x0000000080000310        0x0 
                0x0000000080000b10                PROVIDE (__global_pointer$ = (. + 0x800))
 *(.sdata .sdata.*)
 *(.gnu.linkonce.s.*)
                0x0000000080000310                . = ALIGN (0x8)
 *(.srodata.cst16)
 *(.srodata.cst8)
 *(.srodata.cst4)
 *(.srodata.cst2)
 *(.srodata .srodata.*)

.bss            0x0000000080000310        0x0
                0x0000000080000310                . = ALIGN (0x4)
                0x0000000080000310                _bss_start = .
 *(.sbss*)
 *(.gnu.linkonce.sb.*)
 *(.bss .bss.*)
 .bss           0x0000000080000310        0x0 build/src/main.o
 .bss           0x0000000080000310        0x0 build/src/crt.o
 *(.gnu.linkonce.b.*)
 *(COMMON)
                0x0000000080000310                . = ALIGN (0x4)
                0x0000000080000310                _bss_end = .

.noinit         0x0000000080000310        0x0
                0x0000000080000310                . = ALIGN (0x4)
 *(.noinit .noinit.*)
                0x0000000080000310                . = ALIGN (0x4)

._user_heap     0x0000000080000310        0x0
                0x0000000080000310                . = ALIGN (0x8)
                [!provide]                        PROVIDE (end = .)
                [!provide]                        PROVIDE (_end = .)
                [!provide]                        PROVIDE (_heap_start = .)
                0x0000000080000310                . = (. + _heap_size)
                0x0000000080000310                . = ALIGN (0x8)
                [!provide]                        PROVIDE (_heap_end = .)

._stack         0x0000000080000310      0x200
                0x0000000080000310                . = ALIGN (0x10)
 *fill*         0x0000000080000310        0x0 
                [!provide]                        PROVIDE (_stack_end = .)
                0x0000000080000510                . = (. + _stack_size)
 *fill*         0x0000000080000310      0x200 
                0x0000000080000510                . = ALIGN (0x10)
                0x0000000080000510                PROVIDE (_stack_start = .)
OUTPUT(build/gpio.elf elf32-littleriscv)

.debug_info     0x0000000000000000      0x3ca
 .debug_info    0x0000000000000000      0x3a4 build/src/main.o
 .debug_info    0x00000000000003a4       0x26 build/src/crt.o

.debug_abbrev   0x0000000000000000      0x131
 .debug_abbrev  0x0000000000000000      0x11d build/src/main.o
 .debug_abbrev  0x000000000000011d       0x14 build/src/crt.o

.debug_aranges  0x0000000000000000       0x40
 .debug_aranges
                0x0000000000000000       0x20 build/src/main.o
 .debug_aranges
                0x0000000000000020       0x20 build/src/crt.o

.debug_macro    0x0000000000000000      0xc5b
 .debug_macro   0x0000000000000000       0xa4 build/src/main.o
 .debug_macro   0x00000000000000a4      0x736 build/src/main.o
 .debug_macro   0x00000000000007da       0x22 build/src/main.o
 .debug_macro   0x00000000000007fc       0x8e build/src/main.o
 .debug_macro   0x000000000000088a       0x51 build/src/main.o
 .debug_macro   0x00000000000008db      0x103 build/src/main.o
 .debug_macro   0x00000000000009de       0x6a build/src/main.o
 .debug_macro   0x0000000000000a48      0x1df build/src/main.o
 .debug_macro   0x0000000000000c27       0x34 build/src/main.o

.debug_line     0x0000000000000000      0x4fc
 .debug_line    0x0000000000000000      0x32c build/src/main.o
 .debug_line    0x000000000000032c      0x1d0 build/src/crt.o

.debug_str      0x0000000000000000     0x34be
 .debug_str     0x0000000000000000     0x34a8 build/src/main.o
                                       0x360c (size before relaxing)
 .debug_str     0x00000000000034a8       0x16 build/src/crt.o
                                         0x49 (size before relaxing)

.comment        0x0000000000000000       0x28
 .comment       0x0000000000000000       0x28 build/src/main.o
                                         0x29 (size before relaxing)

.riscv.attributes
                0x0000000000000000       0x1c
 .riscv.attributes
                0x0000000000000000       0x1c build/src/main.o
 .riscv.attributes
                0x000000000000001c       0x1a build/src/crt.o

.debug_frame    0x0000000000000000      0x158
 .debug_frame   0x0000000000000000      0x158 build/src/main.o
